Hitachi Optimizing Linkage Editor (Ver. 7.1.03.000)18-Mar-2023 15:57:12

*** Options ***

-subcommand=C:\Users\Amir\AppData\Local\Temp\hmk3FE1.tmp
noprelink
sdebug
rom D=R
nomessage
list "D:\_Extra Space\CalculatorProjects\Dodge\Debug\FXADDINror.map"
show symbol
nooptimize
start P_TOP,P,C,D,C$VTBL,C$INIT/0300200,B_BR_Size,B,R/08100000
fsymbol P
nologo
input "D:\_Extra Space\CalculatorProjects\Dodge\Debug\Dodge.obj"
input "D:\_Extra Space\CalculatorProjects\Installation\CASIO\fx-9860G SDK\OS\FX\lib\setup.obj"
library "D:\_Extra Space\CalculatorProjects\Installation\CASIO\fx-9860G SDK\OS\FX\lib\fx9860G_library.lib"
output "D:\_Extra Space\CalculatorProjects\Dodge\Debug\FXADDINror.abs"
-nomessage=1100
end

*** Error information ***

*** Mapping List ***

SECTION                            START      END         SIZE   ALIGN

P_TOP
                                  00300200  0030020b         c   4
P
                                  0030020c  003028bf      26b4   4
C
                                  003028c0  00306a57      4198   4
D
                                  00306a58  00306a83        2c   4
B_BR_Size
                                  08100000  08100003         4   4
B
                                  08100004  0810100f      100c   4
R
                                  08101010  0810103b        2c   4

*** Symbol List ***

SECTION=
FILE=                               START        END    SIZE
  SYMBOL                            ADDR        SIZE    INFO      COUNTS  OPT

SECTION=P_TOP
FILE=D:\_Extra Space\CalculatorProjects\Dodge\Debug\Dodge.obj
                                  00300200  0030020b         c
  _InitializeSystem
                                  00300200         c   func ,g         * 

SECTION=P
FILE=D:\_Extra Space\CalculatorProjects\Dodge\Debug\Dodge.obj
                                  0030020c  00301407      11fc
  _OSVersionAsInt
                                  0030020c        3e   func ,g         * 
  _delay
                                  0030024a        10   func ,g         * 
  _CheckKeyRow
                                  0030025a        ee   func ,g         * 
  _KeyDown
                                  00300348        90   func ,g         * 
  _GetKeyMod
                                  003003d8        3c   func ,g         * 
  _Sign
                                  00300414        16   func ,g         * 
  _Signf
                                  0030042a        32   func ,g         * 
  _Max
                                  0030045c         e   func ,g         * 
  _Min
                                  0030046a         e   func ,g         * 
  _AppQuit
                                  00300478        5c   func ,g         * 
  _DrawImage
                                  003004d4        6c   func ,g         * 
  _RenderMainMenu
                                  00300540        22   func ,g         * 
  _RenderGameOver
                                  00300562        46   func ,g         * 
  _DrawProjectiles
                                  003005a8       200   func ,g         * 
  _DrawPlayer
                                  003007a8        78   func ,g         * 
  _NotDamaged
                                  00300820         e   func ,g         * 
  _DrawHealthBar
                                  0030082e        9e   func ,g         * 
  _SpawnProjectile
                                  003008cc        4e   func ,g         * 
  _IsCollidingWithPlayer
                                  0030091a        3e   func ,g         * 
  _RenderScreen
                                  00300958        4c   func ,g         * 
  _MoveProjectile
                                  003009a4       218   func ,g         * 
  _Physics
                                  00300bbc       17a   func ,g         * 
  _Controls
                                  00300d36        5a   func ,g         * 
  _randomInt
                                  00300d90        50   func ,g         * 
  _SpawnNext
                                  00300de0       440   func ,g         * 
  _NextProjectiles
                                  00301220        68   func ,g         * 
  _GameFrame
                                  00301288        2a   func ,g         * 
  _AddIn_main
                                  003012b2       156   func ,g         * 
FILE=D:\_Extra Space\CalculatorProjects\Installation\CASIO\fx-9860G SDK\OS\FX\lib\setup.obj
                                  00301408  00301523       11c
  ___LINK_PROTECT
                                  00301408         4   func ,g         * 
  _SetQuitHandler
                                  0030140c         6   func ,g         * 
  _OnAppCloseDefault
                                  00301412        54   func ,g         * 
  __INITSCT_ADDIN
                                  00301466        48   func ,g         * 
  _INIT_ADDIN_APPLICATION
                                  003014ae        76   func ,g         * 
FILE=r_adds
                                  00301524  0030178f       26c
  __subs
                                  00301524         0   none ,g         * 
  __adds
                                  0030152a         0   none ,g         * 
  rotation
                                  00301544         0   none ,l         * 
  exception_return
                                  0030156e         0   none ,l         * 
  label
                                  0030158e         0   none ,l         * 
  e_sftr26
                                  00301592         0   none ,l         * 
  or_sticky
                                  00301596         0   none ,l         * 
  end_sftr
                                  0030159c         0   none ,l         * 
  mantissa_sub
                                  003015b6         0   none ,l         * 
  normalize
                                  003015c0         0   none ,l         * 
  n_sftl_8
                                  003015d6         0   none ,l         * 
  n_sftl_4
                                  003015e2         0   none ,l         * 
  n_sftl_2
                                  003015f0         0   none ,l         * 
  n_sftl_1
                                  003015f8         0   none ,l         * 
  normal
                                  00301600         0   none ,l         * 
  end_calc
                                  00301602         0   none ,l         * 
  denormalize_loop
                                  0030160a         0   none ,l         * 
  end_denormal
                                  00301610         0   none ,l         * 
  round_carry
                                  00301620         0   none ,l         * 
  end_round
                                  00301624         0   none ,l         * 
  return_value
                                  00301624         0   none ,l         * 
  return
                                  00301632         0   none ,l         * 
  exception1
                                  00301640         0   none ,l         * 
  return_NaN
                                  0030164e         0   none ,l         * 
  return_inf
                                  00301654         0   none ,l         * 
  exception2
                                  00301658         0   none ,l         * 
  p2_denorm_check
                                  00301664         0   none ,l         * 
  p1_denorm
                                  0030166c         0   none ,l         * 
  p1_norm_loop
                                  00301674         0   none ,l         * 
  end_p1_norm
                                  0030167a         0   none ,l         * 
  p2_normalize
                                  0030167a         0   none ,l         * 
  p2_norm_loop
                                  0030167e         0   none ,l         * 
  end_p2_norm
                                  00301684         0   none ,l         * 
  plus_zero
                                  00301688         0   none ,l         * 
  return_zero
                                  0030168a         0   none ,l         * 
  return_parm1
                                  00301690         0   none ,l         * 
  e_sftr7
                                  00301698         0   none ,l         * 
  e_sftr5
                                  0030169a         0   none ,l         * 
  e_sftr3
                                  0030169c         0   none ,l         * 
  e_sftr1
                                  0030169e         0   none ,l         * 
  e_sftr6
                                  003016a2         0   none ,l         * 
  e_sftr4
                                  003016a4         0   none ,l         * 
  e_sftr2
                                  003016a6         0   none ,l         * 
  e_sftr15
                                  003016aa         0   none ,l         * 
  e_sftr13
                                  003016ae         0   none ,l         * 
  e_sftr11
                                  003016b2         0   none ,l         * 
  e_sftr9
                                  003016b6         0   none ,l         * 
  e_sftr14
                                  003016c0         0   none ,l         * 
  e_sftr12
                                  003016c4         0   none ,l         * 
  e_sftr10
                                  003016c8         0   none ,l         * 
  e_sftr8
                                  003016cc         0   none ,l         * 
  e_sftr23
                                  003016d2         0   none ,l         * 
  e_sftr21
                                  003016d6         0   none ,l         * 
  e_sftr19
                                  003016da         0   none ,l         * 
  e_sftr17
                                  003016de         0   none ,l         * 
  e_sftr22
                                  003016e8         0   none ,l         * 
  e_sftr20
                                  003016ec         0   none ,l         * 
  e_sftr18
                                  003016f0         0   none ,l         * 
  e_sftr16
                                  003016f4         0   none ,l         * 
  e_sftr25
                                  003016fa         0   none ,l         * 
  e_sftr24
                                  00301708         0   none ,l         * 
  a_sftrtbl
                                  00301714         0   none ,l         * 
  EXP_INF
                                  0030177c         0   none ,l         * 
  HALF
                                  00301780         0   none ,l         * 
  LRS
                                  00301784         0   none ,l         * 
  MAN_1
                                  00301788         0   none ,l         * 
  NaN
                                  0030178c         0   none ,l         * 
FILE=r_divd
                                  00301790  00301993       204
  exception1
                                  00301790         0   none ,l         * 
  exception2
                                  003017a0         0   none ,l         * 
  exception3
                                  003017ac         0   none ,l         * 
  normalize1
                                  003017c4         0   none ,l         * 
  p1_norm_loop
                                  003017ce         0   none ,l         * 
  end_p1_norm
                                  003017d8         0   none ,l         * 
  exception4
                                  003017dc         0   none ,l         * 
  ex4
                                  003017e8         0   none ,l         * 
  p2_norm_loop
                                  003017f2         0   none ,l         * 
  end_p2_norm
                                  003017fc         0   none ,l         * 
  return_zero
                                  00301800         0   none ,l         * 
  return_inf
                                  0030180a         0   none ,l         * 
  return_NaN
                                  00301812         0   none ,l         * 
  __divdr
                                  0030181c         0   none ,g         * 
  __divd
                                  00301830         0   none ,g         * 
  divdr_in
                                  00301840         0   none ,l         * 
  exception_return3
                                  00301882         0   none ,l         * 
  exception_return4
                                  00301886         0   none ,l         * 
  div_loop
                                  003018a0         0   none ,l         * 
  man_sub
                                  003018b6         0   none ,l         * 
  over_sub
                                  003018c4         0   none ,l         * 
  end_man_cal
                                  003018cc         0   none ,l         * 
  end_sticky_cal
                                  003018d4         0   none ,l         * 
  end_norm
                                  003018e0         0   none ,l         * 
  denormalize_loop
                                  003018ec         0   none ,l         * 
  round_denormal
                                  003018f8         0   none ,l         * 
  end_round_d
                                  00301910         0   none ,l         * 
  end_denormal
                                  00301914         0   none ,l         * 
  round_carry
                                  0030192a         0   none ,l         * 
  end_round
                                  00301930         0   none ,l         * 
  return_value
                                  00301930         0   none ,l         * 
  return
                                  0030194e         0   none ,l         * 
  EXP_INF
                                  00301978         0   none ,l         * 
  MMASK
                                  0030197c         0   none ,l         * 
  MSB
                                  00301980         0   none ,l         * 
  DENOM_CHECK
                                  00301984         0   none ,l         * 
  BIAS
                                  00301988         0   none ,l         * 
  COUNT
                                  0030198c         0   none ,l         * 
  CARRY_CHECK
                                  00301990         0   none ,l         * 
FILE=r_dtoi
                                  00301994  00301a1f        8c
  __dtou
                                  00301994         0   none ,g         * 
  __dtoi
                                  00301994         0   none ,g         * 
  loop_sftl
                                  003019d4         0   none ,l         * 
  shift_low
                                  003019de         0   none ,l         * 
  shift_low1
                                  003019e6         0   none ,l         * 
  shift_r
                                  003019f0         0   none ,l         * 
  shift_r1
                                  003019f2         0   none ,l         * 
  end_shift
                                  003019f8         0   none ,l         * 
  return
                                  003019fe         0   none ,l         * 
  end_nagate
                                  003019fe         0   none ,l         * 
  return_zero
                                  00301a0c         0   none ,l         * 
  EXP_INF
                                  00301a10         0   none ,l         * 
  MMASK
                                  00301a14         0   none ,l         * 
  MSB
                                  00301a18         0   none ,l         * 
  BIAS
                                  00301a1c         0   none ,l         * 
FILE=r_ges
                                  00301a20  00301a97        78
  __ges
                                  00301a20         0   none ,g         * 
  exception_return1
                                  00301a44         0   none ,l         * 
  exception_return2
                                  00301a48         0   none ,l         * 
  exception_return3
                                  00301a4c         0   none ,l         * 
  minus
                                  00301a5a         0   none ,l         * 
  sign_def
                                  00301a60         0   none ,l         * 
  return
                                  00301a64         0   none ,l         * 
  exception1
                                  00301a70         0   none ,l         * 
  exception2
                                  00301a78         0   none ,l         * 
  exception3
                                  00301a80         0   none ,l         * 
  false
                                  00301a90         0   none ,l         * 
  EXP_INF
                                  00301a94         0   none ,l         * 
FILE=r_gts
                                  00301a98  00301b0f        78
  __gts
                                  00301a98         0   none ,g         * 
  exception_return1
                                  00301abc         0   none ,l         * 
  exception_return2
                                  00301ac0         0   none ,l         * 
  exception_return3
                                  00301ac4         0   none ,l         * 
  minus
                                  00301ad2         0   none ,l         * 
  sign_def
                                  00301ad8         0   none ,l         * 
  return
                                  00301adc         0   none ,l         * 
  exception1
                                  00301ae8         0   none ,l         * 
  exception2
                                  00301af0         0   none ,l         * 
  exception3
                                  00301af8         0   none ,l         * 
  false
                                  00301b08         0   none ,l         * 
  EXP_INF
                                  00301b0c         0   none ,l         * 
FILE=r_itod
                                  00301b10  00301b63        54
  __itod
                                  00301b10         0   none ,g         * 
  end_negate
                                  00301b24         0   none ,l         * 
  sftl_loop
                                  00301b26         0   none ,l         * 
  return
                                  00301b48         0   none ,l         * 
  return_zero
                                  00301b58         0   none ,l         * 
  EXP_32
                                  00301b60         0   none ,l         * 
FILE=r_itos
                                  00301b64  00301bbb        58
  __itos
                                  00301b64         0   none ,g         * 
  end_negate
                                  00301b78         0   none ,l         * 
  sftl_loop
                                  00301b7a         0   none ,l         * 
  end_round
                                  00301b96         0   none ,l         * 
  return_value
                                  00301b96         0   none ,l         * 
  return_zero
                                  00301bac         0   none ,l         * 
  EXP_32
                                  00301bb0         0   none ,l         * 
  LRS
                                  00301bb4         0   none ,l         * 
  MAN_1
                                  00301bb8         0   none ,l         * 
FILE=r_les
                                  00301bbc  00301c33        78
  __les
                                  00301bbc         0   none ,g         * 
  exception_return1
                                  00301be0         0   none ,l         * 
  exception_return2
                                  00301be4         0   none ,l         * 
  exception_return3
                                  00301be8         0   none ,l         * 
  minus
                                  00301bf6         0   none ,l         * 
  sign_def
                                  00301bfc         0   none ,l         * 
  return
                                  00301c00         0   none ,l         * 
  exception1
                                  00301c0c         0   none ,l         * 
  exception2
                                  00301c14         0   none ,l         * 
  exception3
                                  00301c1c         0   none ,l         * 
  false
                                  00301c2c         0   none ,l         * 
  EXP_INF
                                  00301c30         0   none ,l         * 
FILE=r_lts
                                  00301c34  00301cab        78
  __lts
                                  00301c34         0   none ,g         * 
  exception_return1
                                  00301c58         0   none ,l         * 
  exception_return2
                                  00301c5c         0   none ,l         * 
  exception_return3
                                  00301c60         0   none ,l         * 
  minus
                                  00301c6e         0   none ,l         * 
  sign_def
                                  00301c74         0   none ,l         * 
  return
                                  00301c78         0   none ,l         * 
  exception1
                                  00301c84         0   none ,l         * 
  exception2
                                  00301c8c         0   none ,l         * 
  exception3
                                  00301c94         0   none ,l         * 
  false
                                  00301ca4         0   none ,l         * 
  EXP_INF
                                  00301ca8         0   none ,l         * 
FILE=r_muld
                                  00301cac  00301ebf       214
  exception1
                                  00301cac         0   none ,l         * 
  parm2_NaN_check
                                  00301cc8         0   none ,l         * 
  exception2
                                  00301cd4         0   none ,l         * 
  exception3
                                  00301cec         0   none ,l         * 
  ex3
                                  00301cf8         0   none ,l         * 
  p1_norm_loop
                                  00301d02         0   none ,l         * 
  end_p1_norm
                                  00301d0c         0   none ,l         * 
  exception4
                                  00301d10         0   none ,l         * 
  ex4
                                  00301d1c         0   none ,l         * 
  p2_norm_loop
                                  00301d26         0   none ,l         * 
  end_p2_norm
                                  00301d30         0   none ,l         * 
  return_zero
                                  00301d34         0   none ,l         * 
  return_inf
                                  00301d3e         0   none ,l         * 
  return_NaN
                                  00301d46         0   none ,l         * 
  __muld
                                  00301d50         0   none ,g         * 
  exception_return3
                                  00301da6         0   none ,l         * 
  exception_return4
                                  00301daa         0   none ,l         * 
  mul_man1
                                  00301dec         0   none ,l         * 
  end_normalize
                                  00301e10         0   none ,l         * 
  end_sticky
                                  00301e16         0   none ,l         * 
  denormalize_loop
                                  00301e1e         0   none ,l         * 
  round_denormal
                                  00301e2a         0   none ,l         * 
  end_round_d
                                  00301e40         0   none ,l         * 
  end_denormal
                                  00301e44         0   none ,l         * 
  round_carry
                                  00301e56         0   none ,l         * 
  end_round
                                  00301e5c         0   none ,l         * 
  return_value
                                  00301e5c         0   none ,l         * 
  return
                                  00301e7a         0   none ,l         * 
  EXP_INF
                                  00301ea8         0   none ,l         * 
  MMASK
                                  00301eac         0   none ,l         * 
  MSB
                                  00301eb0         0   none ,l         * 
  CARRY_CHECK
                                  00301eb4         0   none ,l         * 
  BIAS
                                  00301eb8         0   none ,l         * 
  DEN_CARRY
                                  00301ebc         0   none ,l         * 
FILE=r_muls
                                  00301ec0  00301fff       140
  __muls
                                  00301ec0         0   none ,g         * 
  exception_return3
                                  00301ef8         0   none ,l         * 
  exception_return4
                                  00301efc         0   none ,l         * 
  end_calc_sticky
                                  00301f1e         0   none ,l         * 
  denormal
                                  00301f2e         0   none ,l         * 
  end_normalize
                                  00301f30         0   none ,l         * 
  denormalize_loop
                                  00301f38         0   none ,l         * 
  round_denormal
                                  00301f42         0   none ,l         * 
  end_round_d
                                  00301f56         0   none ,l         * 
  end_denormal
                                  00301f5a         0   none ,l         * 
  round_carry
                                  00301f6a         0   none ,l         * 
  end_round
                                  00301f6e         0   none ,l         * 
  return_value
                                  00301f6e         0   none ,l         * 
  return
                                  00301f7c         0   none ,l         * 
  exception1
                                  00301f8c         0   none ,l         * 
  parm2_NaN_check
                                  00301fa0         0   none ,l         * 
  exception2
                                  00301fa8         0   none ,l         * 
  exception3
                                  00301fb8         0   none ,l         * 
  p1_norm_loop
                                  00301fc0         0   none ,l         * 
  end_p1_norm
                                  00301fc6         0   none ,l         * 
  exception4
                                  00301fca         0   none ,l         * 
  p2_normalize
                                  00301fce         0   none ,l         * 
  p2_norm_loop
                                  00301fd2         0   none ,l         * 
  end_p2_norm
                                  00301fd8         0   none ,l         * 
  return_zero
                                  00301fdc         0   none ,l         * 
  return_inf
                                  00301fe4         0   none ,l         * 
  return_NaN
                                  00301fea         0   none ,l         * 
  EXP_INF
                                  00301ff0         0   none ,l         * 
  LRS
                                  00301ff4         0   none ,l         * 
  MAN_1
                                  00301ff8         0   none ,l         * 
  NaN
                                  00301ffc         0   none ,l         * 
FILE=r_negs
                                  00302000  00302007         8
  __negs
                                  00302000         0   none ,g         * 
FILE=r_stoi
                                  00302008  0030205f        58
  __stoi
                                  00302008         0   none ,g         * 
  __stou
                                  00302008         0   none ,g         * 
  loop_sftl
                                  00302038         0   none ,l         * 
  shift_r
                                  00302042         0   none ,l         * 
  loop_sftr
                                  00302044         0   none ,l         * 
  end_shift
                                  0030204a         0   none ,l         * 
  return
                                  00302050         0   none ,l         * 
  end_nagate
                                  00302050         0   none ,l         * 
  return_zero
                                  00302058         0   none ,l         * 
  EXP_INF
                                  0030205c         0   none ,l         * 
FILE=__divls
                                  00302060  00302113        b4
  __divls
                                  00302060         0   none ,g         * 
  divls_zero
                                  003020fe         0   none ,l         * 
  A_errno
                                  0030210c         0   none ,l         * 
  n_zerono
                                  00302110         0   none ,l         * 
FILE=__modls
                                  00302114  003021db        c8
  __modls
                                  00302114         0   none ,g         * 
  modls_L
                                  003021ba         0   none ,l         * 
  modls_zero
                                  003021c6         0   none ,l         * 
  A_errno
                                  003021d4         0   none ,l         * 
  n_zerono
                                  003021d8         0   none ,l         * 
FILE=__s_mvn
                                  003021dc  00302213        38
  __slow_mvn
                                  003021dc         0   none ,g         * 
  SMVN_B
                                  003021ea         0   none ,l         * 
  SMVN_END
                                  0030220c         0   none ,l         * 
FILE=abs
                                  00302214  00302221         e
  _abs
                                  00302214         e   func ,g         * 
FILE=memcpy
                                  00302224  003022e1        be
  _memcpy
                                  00302224        be   func ,g         * 
FILE=rand
                                  003022e4  0030230f        2c
  _rand
                                  003022e4        2c   func ,g         * 
FILE=srand
                                  00302310  0030231b         c
  _srand
                                  00302310         c   func ,g         * 
FILE=_Bdel_cychdr
                                  0030231c  0030232b        10
  _Bdel_cychdr
                                  0030231c         0   none ,g         * 
FILE=_Bdisp_AllClr_DDVRAM
                                  0030232c  0030233b        10
  _Bdisp_AllClr_DDVRAM
                                  0030232c         0   none ,g         * 
FILE=_Bdisp_AllClr_VRAM
                                  0030233c  0030234b        10
  _Bdisp_AllClr_VRAM
                                  0030233c         0   none ,g         * 
FILE=_Bdisp_PutDisp_DD
                                  0030234c  0030235b        10
  _Bdisp_PutDisp_DD
                                  0030234c         0   none ,g         * 
FILE=_Bdisp_SetPoint_VRAM
                                  0030235c  0030236b        10
  _Bdisp_SetPoint_VRAM
                                  0030235c         0   none ,g         * 
FILE=_BfileFLS_CloseFile
                                  0030236c  0030237b        10
  _BfileFLS_CloseFile
                                  0030236c         0   none ,g         * 
FILE=_Bkey_Set_RepeatTime_Default
                                  0030237c  0030238b        10
  _Bkey_Set_RepeatTime_Default
                                  0030237c         0   none ,g         * 
FILE=_CallbackAtQuitMainFunction
                                  0030238c  0030239b        10
  _CallbackAtQuitMainFunction
                                  0030238c         0   none ,g         * 
FILE=_flsFindClose
                                  0030239c  003023ab        10
  _flsFindClose
                                  0030239c         0   none ,g         * 
FILE=_getkey
                                  003023ac  003023bb        10
  _GetKey
                                  003023ac         0   none ,g         * 
FILE=_GLibAddinAplExecutionCheck
                                  003023bc  003023cb        10
  _GLibAddinAplExecutionCheck
                                  003023bc         0   none ,g         * 
FILE=_Hmem_SetMMU
                                  003023cc  003023db        10
  _Hmem_SetMMU
                                  003023cc         0   none ,g         * 
FILE=keybios
                                  003023dc  0030271f       344
  _GetKeyWait
                                  003023dc        40   func ,g         * 
  _Bkey_GetKeyTableInfo
                                  0030241c        5c   func ,g         * 
  _KeyCodeConvert
                                  00302478        78   func ,g         * 
  _END$270
                                  003024b6         0   none ,l         * 
  __Delay
                                  003024f0        88   func ,g         * 
  _Hkey_Check_Key_SDK
                                  00302578       12c   func ,g         * 
  _IsKeyDown
                                  003026a4        30   func ,g         * 
  _IsKeyUp
                                  003026d4        4c   func ,g         * 
FILE=timer
                                  00302720  0030281f       100
  _GetSDKLibraryVersion
                                  00302720         6   func ,g         * 
  _SetTimer
                                  00302726        54   func ,g         * 
  _KillTimer
                                  0030277a        44   func ,g         * 
  _Sleep
                                  003027be        62   func ,g         * 
FILE=_Bcre_cychdr
                                  00302820  0030282f        10
  _Bcre_cychdr
                                  00302820         0   none ,g         * 
FILE=_Bkey_GetKeyTableInfoJumpFunc
                                  00302830  0030283f        10
  _Bkey_GetKeyTableInfoJumpFunc
                                  00302830         0   none ,g         * 
FILE=_Bkey_GetKeyWait
                                  00302840  0030284f        10
  _Bkey_GetKeyWait
                                  00302840         0   none ,g         * 
FILE=_BSrl_DummyWAIT
                                  00302850  0030285f        10
  _BSrl_DummyWAIT
                                  00302850         0   none ,g         * 
FILE=_Bsta_cychdr
                                  00302860  0030286f        10
  _Bsta_cychdr
                                  00302860         0   none ,g         * 
FILE=_Bstp_cychdr
                                  00302870  0030287f        10
  _Bstp_cychdr
                                  00302870         0   none ,g         * 
FILE=_Chattering
                                  00302880  0030288f        10
  _Chattering
                                  00302880         0   none ,g         * 
FILE=_GLibGetAddinLibInfo
                                  00302890  0030289f        10
  _GLibGetAddinLibInfo
                                  00302890         0   none ,g         * 
FILE=_GLibGetOSVersionInfo
                                  003028a0  003028af        10
  _GLibGetOSVersionInfo
                                  003028a0         0   none ,g         * 
FILE=_SetIntFlagPaturn
                                  003028b0  003028bf        10
  _SetIntFlagPaturn
                                  003028b0         0   none ,g         * 

SECTION=C
FILE=D:\_Extra Space\CalculatorProjects\Dodge\Debug\Dodge.obj
                                  003028c0  003068db      401c
  _sc0015
                                  003028c0        10   data ,g         * 
  _true
                                  003028d0         1   data ,g         * 
  _false
                                  003028d1         1   data ,g         * 
  _DISPLAY_WIDTH
                                  003028d2         1   data ,g         * 
  _DISPLAY_HEIGHT
                                  003028d3         1   data ,g         * 
  _DISPLAY_CENTER_X
                                  003028d4         1   data ,g         * 
  _DISPLAY_CENTER_Y
                                  003028d5         1   data ,g         * 
  _attacksTotal
                                  003028d8         4   data ,g         * 
FILE=addin_sct
                                  003068dc  003068ef        14
  _B_BGN
                                  003068dc         0   none ,g         * 
  _B_END
                                  003068e0         0   none ,g         * 
  _R_BGN
                                  003068e4         0   none ,g         * 
  _R_END
                                  003068e8         0   none ,g         * 
  _D_ROM
                                  003068ec         0   none ,g         * 
FILE=keybios
                                  003068f0  00306a57       168
  _gb_KeyCodeTable
                                  003068f0       150   data ,l         * 
  _gb_usKoState
                                  00306a40        18   data ,l         * 

SECTION=B_BR_Size
FILE=D:\_Extra Space\CalculatorProjects\Dodge\Debug\Dodge.obj
                                  08100000  08100003         4
  _BR_Size
                                  08100000         4   data ,g         * 

SECTION=B
FILE=D:\_Extra Space\CalculatorProjects\Dodge\Debug\Dodge.obj
                                  08100004  0810100b      1008
  _projectiles
                                  08100004      1000   data ,g         * 
  _projectileIndex
                                  08101004         4   data ,g         * 
  _maxProjectiles
                                  08101008         4   data ,g         * 
FILE=_errno
                                  0810100c  0810100f         4
  __errno
                                  0810100c         4   data ,g         * 

SECTION=R
FILE=D:\_Extra Space\CalculatorProjects\Dodge\Debug\Dodge.obj
                                  08101010  0810102f        20
  _playerHealth
                                  08101010         4   data ,g         * 
  _playerX
                                  08101014         4   data ,g         * 
  _playerY
                                  08101018         4   data ,g         * 
  _currentAttack
                                  0810101c         4   data ,g         * 
  _paused
                                  08101020         1   data ,g         * 
  _quit
                                  08101021         1   data ,g         * 
  _timer
                                  08101024         4   data ,g         * 
  _flicker
                                  08101028         1   data ,g         * 
  _damaged
                                  08101029         1   data ,g         * 
  _flickerOffset
                                  0810102c         4   data ,g         * 
FILE=D:\_Extra Space\CalculatorProjects\Installation\CASIO\fx-9860G SDK\OS\FX\lib\setup.obj
                                  08101030  08101033         4
  _gb_OnAppClose
                                  08101030         4   data ,g         * 
FILE=keybios
                                  08101034  08101037         4
  _gb_pKeyMatrix
                                  08101034         4   data ,g         * 
FILE=_rnext
                                  08101038  0810103b         4
  __rnext
                                  08101038         4   data ,g         * 

Absolute value symbols
FILE=__divls
  zerodiv
                                  0000044e         0   none ,l         * 
FILE=__modls
  zerodiv
                                  0000044e         0   none ,l         * 
FILE=_Bdel_cychdr
  __JumpTableTOP
                                  80010070         0   none ,l         * 
FILE=_Bdisp_AllClr_DDVRAM
  __JumpTableTOP
                                  80010070         0   none ,l         * 
FILE=_Bdisp_AllClr_VRAM
  __JumpTableTOP
                                  80010070         0   none ,l         * 
FILE=_Bdisp_PutDisp_DD
  __JumpTableTOP
                                  80010070         0   none ,l         * 
FILE=_Bdisp_SetPoint_VRAM
  __JumpTableTOP
                                  80010070         0   none ,l         * 
FILE=_BfileFLS_CloseFile
  __JumpTableTOP
                                  80010070         0   none ,l         * 
FILE=_Bkey_Set_RepeatTime_Default
  __JumpTableTOP
                                  80010070         0   none ,l         * 
FILE=_CallbackAtQuitMainFunction
  __JumpTableTOP
                                  80010070         0   none ,l         * 
FILE=_flsFindClose
  __JumpTableTOP
                                  80010070         0   none ,l         * 
FILE=_getkey
  __JumpTableTOP
                                  80010070         0   none ,l         * 
FILE=_GLibAddinAplExecutionCheck
  __JumpTableTOP
                                  80010070         0   none ,l         * 
FILE=_Hmem_SetMMU
  __JumpTableTOP
                                  80010070         0   none ,l         * 
FILE=_Bcre_cychdr
  __JumpTableTOP
                                  80010070         0   none ,l         * 
FILE=_Bkey_GetKeyTableInfoJumpFunc
  __JumpTableTOP
                                  80010070         0   none ,l         * 
FILE=_Bkey_GetKeyWait
  __JumpTableTOP
                                  80010070         0   none ,l         * 
FILE=_BSrl_DummyWAIT
  __JumpTableTOP
                                  80010070         0   none ,l         * 
FILE=_Bsta_cychdr
  __JumpTableTOP
                                  80010070         0   none ,l         * 
FILE=_Bstp_cychdr
  __JumpTableTOP
                                  80010070         0   none ,l         * 
FILE=_Chattering
  __JumpTableTOP
                                  80010070         0   none ,l         * 
FILE=_GLibGetAddinLibInfo
  __JumpTableTOP
                                  80010070         0   none ,l         * 
FILE=_GLibGetOSVersionInfo
  __JumpTableTOP
                                  80010070         0   none ,l         * 
FILE=_SetIntFlagPaturn
  __JumpTableTOP
                                  80010070         0   none ,l         * 

*** Delete Symbols ***

SYMBOL                                SIZE    INFO

*** Variable Accessible with Abs8 ***

SYMBOL                                SIZE    COUNTS  OPTIMIZE

*** Variable Accessible with Abs16 ***

SYMBOL                                SIZE    COUNTS  OPTIMIZE

*** Function Call ***

SYMBOL                              COUNTS  OPTIMIZE
