Hitachi Optimizing Linkage Editor (Ver. 7.1.03.000)17-Mar-2023 17:13:50

*** Options ***

-subcommand=C:\Users\Amir\AppData\Local\Temp\hmk104C.tmp
noprelink
sdebug
rom D=R
nomessage
list "D:\_Extra Space\CalculatorProjects\Dodge\Debug\FXADDINror.map"
show symbol
nooptimize
start P_TOP,P,C,D,C$VTBL,C$INIT/0300200,B_BR_Size,B,R/08100000
fsymbol P
nologo
input "D:\_Extra Space\CalculatorProjects\Dodge\Debug\Dodge.obj"
input "D:\_Extra Space\CalculatorProjects\Installation\CASIO\fx-9860G SDK\OS\FX\lib\setup.obj"
library "D:\_Extra Space\CalculatorProjects\Installation\CASIO\fx-9860G SDK\OS\FX\lib\fx9860G_library.lib"
output "D:\_Extra Space\CalculatorProjects\Dodge\Debug\FXADDINror.abs"
-nomessage=1100
end

*** Error information ***

*** Mapping List ***

SECTION                            START      END         SIZE   ALIGN

P_TOP
                                  00300200  0030020b         c   4
P
                                  0030020c  00301eef      1ce4   4
C
                                  00301ef0  00304087      2198   4
D
                                  00304088  003040a3        1c   4
B_BR_Size
                                  08100000  08100003         4   4
B
                                  08100004  08100e0f       e0c   4
R
                                  08100e10  08100e2b        1c   4

*** Symbol List ***

SECTION=
FILE=                               START        END    SIZE
  SYMBOL                            ADDR        SIZE    INFO      COUNTS  OPT

SECTION=P_TOP
FILE=D:\_Extra Space\CalculatorProjects\Dodge\Debug\Dodge.obj
                                  00300200  0030020b         c
  _InitializeSystem
                                  00300200         c   func ,g         * 

SECTION=P
FILE=D:\_Extra Space\CalculatorProjects\Dodge\Debug\Dodge.obj
                                  0030020c  00300f6f       d64
  _OSVersionAsInt
                                  0030020c        3e   func ,g         * 
  _delay
                                  0030024a        10   func ,g         * 
  _CheckKeyRow
                                  0030025a        ee   func ,g         * 
  _KeyDown
                                  00300348        90   func ,g         * 
  _GetKeyMod
                                  003003d8        3c   func ,g         * 
  _Sign
                                  00300414        16   func ,g         * 
  _Signf
                                  0030042a        32   func ,g         * 
  _Max
                                  0030045c         e   func ,g         * 
  _Min
                                  0030046a         e   func ,g         * 
  _AppQuit
                                  00300478        5c   func ,g         * 
  _DrawImage
                                  003004d4        66   func ,g         * 
  _RenderMainMenu
                                  0030053a        42   func ,g         * 
  _DrawProjectiles
                                  0030057c       200   func ,g         * 
  _DrawPlayer
                                  0030077c        48   func ,g         * 
  _DrawHealthBar
                                  003007c4        58   func ,g         * 
  _SpawnProjectile
                                  0030081c        4a   func ,g         * 
  _IsCollidingWithPlayer
                                  00300866        50   func ,g         * 
  _RenderScreen
                                  003008b6        4a   func ,g         * 
  _MoveProjectile
                                  00300900       1d0   func ,g         * 
  _Physics
                                  00300ad0       104   func ,g         * 
  _Controls
                                  00300bd4        5a   func ,g         * 
  _SpawnNext
                                  00300c2e       1ea   func ,g         * 
  _NextProjectiles
                                  00300e18        36   func ,g         * 
  _AddIn_main
                                  00300e4e       122   func ,g         * 
FILE=D:\_Extra Space\CalculatorProjects\Installation\CASIO\fx-9860G SDK\OS\FX\lib\setup.obj
                                  00300f70  0030108b       11c
  ___LINK_PROTECT
                                  00300f70         4   func ,g         * 
  _SetQuitHandler
                                  00300f74         6   func ,g         * 
  _OnAppCloseDefault
                                  00300f7a        54   func ,g         * 
  __INITSCT_ADDIN
                                  00300fce        48   func ,g         * 
  _INIT_ADDIN_APPLICATION
                                  00301016        76   func ,g         * 
FILE=r_adds
                                  0030108c  003012f7       26c
  __subs
                                  0030108c         0   none ,g         * 
  __adds
                                  00301092         0   none ,g         * 
  rotation
                                  003010ac         0   none ,l         * 
  exception_return
                                  003010d6         0   none ,l         * 
  label
                                  003010f6         0   none ,l         * 
  e_sftr26
                                  003010fa         0   none ,l         * 
  or_sticky
                                  003010fe         0   none ,l         * 
  end_sftr
                                  00301104         0   none ,l         * 
  mantissa_sub
                                  0030111e         0   none ,l         * 
  normalize
                                  00301128         0   none ,l         * 
  n_sftl_8
                                  0030113e         0   none ,l         * 
  n_sftl_4
                                  0030114a         0   none ,l         * 
  n_sftl_2
                                  00301158         0   none ,l         * 
  n_sftl_1
                                  00301160         0   none ,l         * 
  normal
                                  00301168         0   none ,l         * 
  end_calc
                                  0030116a         0   none ,l         * 
  denormalize_loop
                                  00301172         0   none ,l         * 
  end_denormal
                                  00301178         0   none ,l         * 
  round_carry
                                  00301188         0   none ,l         * 
  end_round
                                  0030118c         0   none ,l         * 
  return_value
                                  0030118c         0   none ,l         * 
  return
                                  0030119a         0   none ,l         * 
  exception1
                                  003011a8         0   none ,l         * 
  return_NaN
                                  003011b6         0   none ,l         * 
  return_inf
                                  003011bc         0   none ,l         * 
  exception2
                                  003011c0         0   none ,l         * 
  p2_denorm_check
                                  003011cc         0   none ,l         * 
  p1_denorm
                                  003011d4         0   none ,l         * 
  p1_norm_loop
                                  003011dc         0   none ,l         * 
  end_p1_norm
                                  003011e2         0   none ,l         * 
  p2_normalize
                                  003011e2         0   none ,l         * 
  p2_norm_loop
                                  003011e6         0   none ,l         * 
  end_p2_norm
                                  003011ec         0   none ,l         * 
  plus_zero
                                  003011f0         0   none ,l         * 
  return_zero
                                  003011f2         0   none ,l         * 
  return_parm1
                                  003011f8         0   none ,l         * 
  e_sftr7
                                  00301200         0   none ,l         * 
  e_sftr5
                                  00301202         0   none ,l         * 
  e_sftr3
                                  00301204         0   none ,l         * 
  e_sftr1
                                  00301206         0   none ,l         * 
  e_sftr6
                                  0030120a         0   none ,l         * 
  e_sftr4
                                  0030120c         0   none ,l         * 
  e_sftr2
                                  0030120e         0   none ,l         * 
  e_sftr15
                                  00301212         0   none ,l         * 
  e_sftr13
                                  00301216         0   none ,l         * 
  e_sftr11
                                  0030121a         0   none ,l         * 
  e_sftr9
                                  0030121e         0   none ,l         * 
  e_sftr14
                                  00301228         0   none ,l         * 
  e_sftr12
                                  0030122c         0   none ,l         * 
  e_sftr10
                                  00301230         0   none ,l         * 
  e_sftr8
                                  00301234         0   none ,l         * 
  e_sftr23
                                  0030123a         0   none ,l         * 
  e_sftr21
                                  0030123e         0   none ,l         * 
  e_sftr19
                                  00301242         0   none ,l         * 
  e_sftr17
                                  00301246         0   none ,l         * 
  e_sftr22
                                  00301250         0   none ,l         * 
  e_sftr20
                                  00301254         0   none ,l         * 
  e_sftr18
                                  00301258         0   none ,l         * 
  e_sftr16
                                  0030125c         0   none ,l         * 
  e_sftr25
                                  00301262         0   none ,l         * 
  e_sftr24
                                  00301270         0   none ,l         * 
  a_sftrtbl
                                  0030127c         0   none ,l         * 
  EXP_INF
                                  003012e4         0   none ,l         * 
  HALF
                                  003012e8         0   none ,l         * 
  LRS
                                  003012ec         0   none ,l         * 
  MAN_1
                                  003012f0         0   none ,l         * 
  NaN
                                  003012f4         0   none ,l         * 
FILE=r_ges
                                  003012f8  0030136f        78
  __ges
                                  003012f8         0   none ,g         * 
  exception_return1
                                  0030131c         0   none ,l         * 
  exception_return2
                                  00301320         0   none ,l         * 
  exception_return3
                                  00301324         0   none ,l         * 
  minus
                                  00301332         0   none ,l         * 
  sign_def
                                  00301338         0   none ,l         * 
  return
                                  0030133c         0   none ,l         * 
  exception1
                                  00301348         0   none ,l         * 
  exception2
                                  00301350         0   none ,l         * 
  exception3
                                  00301358         0   none ,l         * 
  false
                                  00301368         0   none ,l         * 
  EXP_INF
                                  0030136c         0   none ,l         * 
FILE=r_gts
                                  00301370  003013e7        78
  __gts
                                  00301370         0   none ,g         * 
  exception_return1
                                  00301394         0   none ,l         * 
  exception_return2
                                  00301398         0   none ,l         * 
  exception_return3
                                  0030139c         0   none ,l         * 
  minus
                                  003013aa         0   none ,l         * 
  sign_def
                                  003013b0         0   none ,l         * 
  return
                                  003013b4         0   none ,l         * 
  exception1
                                  003013c0         0   none ,l         * 
  exception2
                                  003013c8         0   none ,l         * 
  exception3
                                  003013d0         0   none ,l         * 
  false
                                  003013e0         0   none ,l         * 
  EXP_INF
                                  003013e4         0   none ,l         * 
FILE=r_itos
                                  003013e8  0030143f        58
  __itos
                                  003013e8         0   none ,g         * 
  end_negate
                                  003013fc         0   none ,l         * 
  sftl_loop
                                  003013fe         0   none ,l         * 
  end_round
                                  0030141a         0   none ,l         * 
  return_value
                                  0030141a         0   none ,l         * 
  return_zero
                                  00301430         0   none ,l         * 
  EXP_32
                                  00301434         0   none ,l         * 
  LRS
                                  00301438         0   none ,l         * 
  MAN_1
                                  0030143c         0   none ,l         * 
FILE=r_les
                                  00301440  003014b7        78
  __les
                                  00301440         0   none ,g         * 
  exception_return1
                                  00301464         0   none ,l         * 
  exception_return2
                                  00301468         0   none ,l         * 
  exception_return3
                                  0030146c         0   none ,l         * 
  minus
                                  0030147a         0   none ,l         * 
  sign_def
                                  00301480         0   none ,l         * 
  return
                                  00301484         0   none ,l         * 
  exception1
                                  00301490         0   none ,l         * 
  exception2
                                  00301498         0   none ,l         * 
  exception3
                                  003014a0         0   none ,l         * 
  false
                                  003014b0         0   none ,l         * 
  EXP_INF
                                  003014b4         0   none ,l         * 
FILE=r_lts
                                  003014b8  0030152f        78
  __lts
                                  003014b8         0   none ,g         * 
  exception_return1
                                  003014dc         0   none ,l         * 
  exception_return2
                                  003014e0         0   none ,l         * 
  exception_return3
                                  003014e4         0   none ,l         * 
  minus
                                  003014f2         0   none ,l         * 
  sign_def
                                  003014f8         0   none ,l         * 
  return
                                  003014fc         0   none ,l         * 
  exception1
                                  00301508         0   none ,l         * 
  exception2
                                  00301510         0   none ,l         * 
  exception3
                                  00301518         0   none ,l         * 
  false
                                  00301528         0   none ,l         * 
  EXP_INF
                                  0030152c         0   none ,l         * 
FILE=r_muls
                                  00301530  0030166f       140
  __muls
                                  00301530         0   none ,g         * 
  exception_return3
                                  00301568         0   none ,l         * 
  exception_return4
                                  0030156c         0   none ,l         * 
  end_calc_sticky
                                  0030158e         0   none ,l         * 
  denormal
                                  0030159e         0   none ,l         * 
  end_normalize
                                  003015a0         0   none ,l         * 
  denormalize_loop
                                  003015a8         0   none ,l         * 
  round_denormal
                                  003015b2         0   none ,l         * 
  end_round_d
                                  003015c6         0   none ,l         * 
  end_denormal
                                  003015ca         0   none ,l         * 
  round_carry
                                  003015da         0   none ,l         * 
  end_round
                                  003015de         0   none ,l         * 
  return_value
                                  003015de         0   none ,l         * 
  return
                                  003015ec         0   none ,l         * 
  exception1
                                  003015fc         0   none ,l         * 
  parm2_NaN_check
                                  00301610         0   none ,l         * 
  exception2
                                  00301618         0   none ,l         * 
  exception3
                                  00301628         0   none ,l         * 
  p1_norm_loop
                                  00301630         0   none ,l         * 
  end_p1_norm
                                  00301636         0   none ,l         * 
  exception4
                                  0030163a         0   none ,l         * 
  p2_normalize
                                  0030163e         0   none ,l         * 
  p2_norm_loop
                                  00301642         0   none ,l         * 
  end_p2_norm
                                  00301648         0   none ,l         * 
  return_zero
                                  0030164c         0   none ,l         * 
  return_inf
                                  00301654         0   none ,l         * 
  return_NaN
                                  0030165a         0   none ,l         * 
  EXP_INF
                                  00301660         0   none ,l         * 
  LRS
                                  00301664         0   none ,l         * 
  MAN_1
                                  00301668         0   none ,l         * 
  NaN
                                  0030166c         0   none ,l         * 
FILE=r_stoi
                                  00301670  003016c7        58
  __stoi
                                  00301670         0   none ,g         * 
  __stou
                                  00301670         0   none ,g         * 
  loop_sftl
                                  003016a0         0   none ,l         * 
  shift_r
                                  003016aa         0   none ,l         * 
  loop_sftr
                                  003016ac         0   none ,l         * 
  end_shift
                                  003016b2         0   none ,l         * 
  return
                                  003016b8         0   none ,l         * 
  end_nagate
                                  003016b8         0   none ,l         * 
  return_zero
                                  003016c0         0   none ,l         * 
  EXP_INF
                                  003016c4         0   none ,l         * 
FILE=__divls
                                  003016c8  0030177b        b4
  __divls
                                  003016c8         0   none ,g         * 
  divls_zero
                                  00301766         0   none ,l         * 
  A_errno
                                  00301774         0   none ,l         * 
  n_zerono
                                  00301778         0   none ,l         * 
FILE=__modls
                                  0030177c  00301843        c8
  __modls
                                  0030177c         0   none ,g         * 
  modls_L
                                  00301822         0   none ,l         * 
  modls_zero
                                  0030182e         0   none ,l         * 
  A_errno
                                  0030183c         0   none ,l         * 
  n_zerono
                                  00301840         0   none ,l         * 
FILE=__s_mvn
                                  00301844  0030187b        38
  __slow_mvn
                                  00301844         0   none ,g         * 
  SMVN_B
                                  00301852         0   none ,l         * 
  SMVN_END
                                  00301874         0   none ,l         * 
FILE=abs
                                  0030187c  00301889         e
  _abs
                                  0030187c         e   func ,g         * 
FILE=memcpy
                                  0030188c  00301949        be
  _memcpy
                                  0030188c        be   func ,g         * 
FILE=_Bdel_cychdr
                                  0030194c  0030195b        10
  _Bdel_cychdr
                                  0030194c         0   none ,g         * 
FILE=_Bdisp_AllClr_DDVRAM
                                  0030195c  0030196b        10
  _Bdisp_AllClr_DDVRAM
                                  0030195c         0   none ,g         * 
FILE=_Bdisp_AllClr_VRAM
                                  0030196c  0030197b        10
  _Bdisp_AllClr_VRAM
                                  0030196c         0   none ,g         * 
FILE=_Bdisp_PutDisp_DD
                                  0030197c  0030198b        10
  _Bdisp_PutDisp_DD
                                  0030197c         0   none ,g         * 
FILE=_Bdisp_SetPoint_VRAM
                                  0030198c  0030199b        10
  _Bdisp_SetPoint_VRAM
                                  0030198c         0   none ,g         * 
FILE=_BfileFLS_CloseFile
                                  0030199c  003019ab        10
  _BfileFLS_CloseFile
                                  0030199c         0   none ,g         * 
FILE=_Bkey_Set_RepeatTime_Default
                                  003019ac  003019bb        10
  _Bkey_Set_RepeatTime_Default
                                  003019ac         0   none ,g         * 
FILE=_CallbackAtQuitMainFunction
                                  003019bc  003019cb        10
  _CallbackAtQuitMainFunction
                                  003019bc         0   none ,g         * 
FILE=_flsFindClose
                                  003019cc  003019db        10
  _flsFindClose
                                  003019cc         0   none ,g         * 
FILE=_getkey
                                  003019dc  003019eb        10
  _GetKey
                                  003019dc         0   none ,g         * 
FILE=_GLibAddinAplExecutionCheck
                                  003019ec  003019fb        10
  _GLibAddinAplExecutionCheck
                                  003019ec         0   none ,g         * 
FILE=_Hmem_SetMMU
                                  003019fc  00301a0b        10
  _Hmem_SetMMU
                                  003019fc         0   none ,g         * 
FILE=keybios
                                  00301a0c  00301d4f       344
  _GetKeyWait
                                  00301a0c        40   func ,g         * 
  _Bkey_GetKeyTableInfo
                                  00301a4c        5c   func ,g         * 
  _KeyCodeConvert
                                  00301aa8        78   func ,g         * 
  _END$270
                                  00301ae6         0   none ,l         * 
  __Delay
                                  00301b20        88   func ,g         * 
  _Hkey_Check_Key_SDK
                                  00301ba8       12c   func ,g         * 
  _IsKeyDown
                                  00301cd4        30   func ,g         * 
  _IsKeyUp
                                  00301d04        4c   func ,g         * 
FILE=timer
                                  00301d50  00301e4f       100
  _GetSDKLibraryVersion
                                  00301d50         6   func ,g         * 
  _SetTimer
                                  00301d56        54   func ,g         * 
  _KillTimer
                                  00301daa        44   func ,g         * 
  _Sleep
                                  00301dee        62   func ,g         * 
FILE=_Bcre_cychdr
                                  00301e50  00301e5f        10
  _Bcre_cychdr
                                  00301e50         0   none ,g         * 
FILE=_Bkey_GetKeyTableInfoJumpFunc
                                  00301e60  00301e6f        10
  _Bkey_GetKeyTableInfoJumpFunc
                                  00301e60         0   none ,g         * 
FILE=_Bkey_GetKeyWait
                                  00301e70  00301e7f        10
  _Bkey_GetKeyWait
                                  00301e70         0   none ,g         * 
FILE=_BSrl_DummyWAIT
                                  00301e80  00301e8f        10
  _BSrl_DummyWAIT
                                  00301e80         0   none ,g         * 
FILE=_Bsta_cychdr
                                  00301e90  00301e9f        10
  _Bsta_cychdr
                                  00301e90         0   none ,g         * 
FILE=_Bstp_cychdr
                                  00301ea0  00301eaf        10
  _Bstp_cychdr
                                  00301ea0         0   none ,g         * 
FILE=_Chattering
                                  00301eb0  00301ebf        10
  _Chattering
                                  00301eb0         0   none ,g         * 
FILE=_GLibGetAddinLibInfo
                                  00301ec0  00301ecf        10
  _GLibGetAddinLibInfo
                                  00301ec0         0   none ,g         * 
FILE=_GLibGetOSVersionInfo
                                  00301ed0  00301edf        10
  _GLibGetOSVersionInfo
                                  00301ed0         0   none ,g         * 
FILE=_SetIntFlagPaturn
                                  00301ee0  00301eef        10
  _SetIntFlagPaturn
                                  00301ee0         0   none ,g         * 

SECTION=C
FILE=D:\_Extra Space\CalculatorProjects\Dodge\Debug\Dodge.obj
                                  00301ef0  00303f0b      201c
  _sc0015
                                  00301ef0        10   data ,g         * 
  _true
                                  00301f00         1   data ,g         * 
  _false
                                  00301f01         1   data ,g         * 
  _DISPLAY_WIDTH
                                  00301f02         1   data ,g         * 
  _DISPLAY_HEIGHT
                                  00301f03         1   data ,g         * 
  _DISPLAY_CENTER_X
                                  00301f04         1   data ,g         * 
  _DISPLAY_CENTER_Y
                                  00301f05         1   data ,g         * 
  _attacksTotal
                                  00301f08         4   data ,g         * 
FILE=addin_sct
                                  00303f0c  00303f1f        14
  _B_BGN
                                  00303f0c         0   none ,g         * 
  _B_END
                                  00303f10         0   none ,g         * 
  _R_BGN
                                  00303f14         0   none ,g         * 
  _R_END
                                  00303f18         0   none ,g         * 
  _D_ROM
                                  00303f1c         0   none ,g         * 
FILE=keybios
                                  00303f20  00304087       168
  _gb_KeyCodeTable
                                  00303f20       150   data ,l         * 
  _gb_usKoState
                                  00304070        18   data ,l         * 

SECTION=B_BR_Size
FILE=D:\_Extra Space\CalculatorProjects\Dodge\Debug\Dodge.obj
                                  08100000  08100003         4
  _BR_Size
                                  08100000         4   data ,g         * 

SECTION=B
FILE=D:\_Extra Space\CalculatorProjects\Dodge\Debug\Dodge.obj
                                  08100004  08100e0b       e08
  _projectiles
                                  08100004       e00   data ,g         * 
  _projectileIndex
                                  08100e04         4   data ,g         * 
  _maxProjectiles
                                  08100e08         4   data ,g         * 
FILE=_errno
                                  08100e0c  08100e0f         4
  __errno
                                  08100e0c         4   data ,g         * 

SECTION=R
FILE=D:\_Extra Space\CalculatorProjects\Dodge\Debug\Dodge.obj
                                  08100e10  08100e21        12
  _playerHealth
                                  08100e10         4   data ,g         * 
  _playerX
                                  08100e14         4   data ,g         * 
  _playerY
                                  08100e18         4   data ,g         * 
  _currentAttack
                                  08100e1c         4   data ,g         * 
  _paused
                                  08100e20         1   data ,g         * 
  _quit
                                  08100e21         1   data ,g         * 
FILE=D:\_Extra Space\CalculatorProjects\Installation\CASIO\fx-9860G SDK\OS\FX\lib\setup.obj
                                  08100e24  08100e27         4
  _gb_OnAppClose
                                  08100e24         4   data ,g         * 
FILE=keybios
                                  08100e28  08100e2b         4
  _gb_pKeyMatrix
                                  08100e28         4   data ,g         * 

Absolute value symbols
FILE=__divls
  zerodiv
                                  0000044e         0   none ,l         * 
FILE=__modls
  zerodiv
                                  0000044e         0   none ,l         * 
FILE=_Bdel_cychdr
  __JumpTableTOP
                                  80010070         0   none ,l         * 
FILE=_Bdisp_AllClr_DDVRAM
  __JumpTableTOP
                                  80010070         0   none ,l         * 
FILE=_Bdisp_AllClr_VRAM
  __JumpTableTOP
                                  80010070         0   none ,l         * 
FILE=_Bdisp_PutDisp_DD
  __JumpTableTOP
                                  80010070         0   none ,l         * 
FILE=_Bdisp_SetPoint_VRAM
  __JumpTableTOP
                                  80010070         0   none ,l         * 
FILE=_BfileFLS_CloseFile
  __JumpTableTOP
                                  80010070         0   none ,l         * 
FILE=_Bkey_Set_RepeatTime_Default
  __JumpTableTOP
                                  80010070         0   none ,l         * 
FILE=_CallbackAtQuitMainFunction
  __JumpTableTOP
                                  80010070         0   none ,l         * 
FILE=_flsFindClose
  __JumpTableTOP
                                  80010070         0   none ,l         * 
FILE=_getkey
  __JumpTableTOP
                                  80010070         0   none ,l         * 
FILE=_GLibAddinAplExecutionCheck
  __JumpTableTOP
                                  80010070         0   none ,l         * 
FILE=_Hmem_SetMMU
  __JumpTableTOP
                                  80010070         0   none ,l         * 
FILE=_Bcre_cychdr
  __JumpTableTOP
                                  80010070         0   none ,l         * 
FILE=_Bkey_GetKeyTableInfoJumpFunc
  __JumpTableTOP
                                  80010070         0   none ,l         * 
FILE=_Bkey_GetKeyWait
  __JumpTableTOP
                                  80010070         0   none ,l         * 
FILE=_BSrl_DummyWAIT
  __JumpTableTOP
                                  80010070         0   none ,l         * 
FILE=_Bsta_cychdr
  __JumpTableTOP
                                  80010070         0   none ,l         * 
FILE=_Bstp_cychdr
  __JumpTableTOP
                                  80010070         0   none ,l         * 
FILE=_Chattering
  __JumpTableTOP
                                  80010070         0   none ,l         * 
FILE=_GLibGetAddinLibInfo
  __JumpTableTOP
                                  80010070         0   none ,l         * 
FILE=_GLibGetOSVersionInfo
  __JumpTableTOP
                                  80010070         0   none ,l         * 
FILE=_SetIntFlagPaturn
  __JumpTableTOP
                                  80010070         0   none ,l         * 

*** Delete Symbols ***

SYMBOL                                SIZE    INFO

*** Variable Accessible with Abs8 ***

SYMBOL                                SIZE    COUNTS  OPTIMIZE

*** Variable Accessible with Abs16 ***

SYMBOL                                SIZE    COUNTS  OPTIMIZE

*** Function Call ***

SYMBOL                              COUNTS  OPTIMIZE
